> Task :app:preBuild UP-TO-DATE
> Task :app:preDebugBuild UP-TO-DATE
> Task :app:generateDebugResources UP-TO-DATE
> Task :app:processDebugGoogleServices UP-TO-DATE
> Task :app:packageDebugResources UP-TO-DATE
> Task :app:processDebugNavigationResources UP-TO-DATE
> Task :app:parseDebugLocalResources UP-TO-DATE
> Task :app:generateDebugRFile UP-TO-DATE

> Task :app:compileDebugKotlin FAILED
./gradlew : e: file:///F:/Project/FYT/myApp/app/src/main/java/c
om/example/myapp/ui/screens/QRScannerScreen.kt:290:13 Try 
catch is not supported around composable function invocations.
At line:1 char:1
+ ./gradlew compileDebugKotlin 2>&1 | Out-File -FilePath 
build_errors.t ...
+ ~~~~~~~~~~~~~~~~~~~~~~~~~~~~~~~~~
    + CategoryInfo          : NotSpecified: (e: file:///F:/P.. 
   .on invocations.:String) [], RemoteException
    + FullyQualifiedErrorId : NativeCommandError
 
e: file:///F:/Project/FYT/myApp/app/src/main/java/com/example/m
yapp/ui/screens/QRScannerScreen.kt:293:41 @Composable 
invocations can only happen from the context of a @Composable 
function

FAILURE: Build failed with an exception.

* What went wrong:
Execution failed for task ':app:compileDebugKotlin'.
> A failure occurred while executing org.jetbrains.kotlin.compi
lerRunner.GradleCompilerRunnerWithWorkers$GradleKotlinCompilerW
orkAction
   > Compilation error. See log for more details

* Try:
> Run with --stacktrace option to get the stack trace.
> Run with --info or --debug option to get more log output.
> Run with --scan to generate a Build Scan (powered by 
Develocity).
> Get more help at https://help.gradle.org.

BUILD FAILED in 16s
7 actionable tasks: 1 executed, 6 up-to-date
